// Jest Snapshot v1, https://goo.gl/fbAQLP

exports[`Details snapShot 1`] = `
<View
  style={
    Object {
      "alignItems": "center",
      "backgroundColor": "#ecf0f1",
      "flexDirection": "column",
      "marginTop": 30,
      "padding": 8,
    }
  }
>
  <View
    style={
      Object {
        "backgroundColor": "white",
        "borderColor": "#000",
        "borderRadius": 5,
        "borderWidth": 2,
        "flexDirection": "row",
        "height": 10,
        "width": "100%",
      }
    }
  >
    <View
      style={
        Object {
          "backgroundColor": "#8BED4F",
          "width": "0%",
        }
      }
    />
  </View>
</View>
`;
